#Time       hidden(0)  v(3)       disc(1)    disc(2)    ord(v1)    ord(v2)    ord(c1)   
 0.         0.         0.         0.         0.        -1.        -1.        -1.        
method(c1)=-1.        
 400.u      0.         0.         0.         0.         0.         0.         0.        
method(c1)= 4.        
 0.001      0.         0.         2.         2.         2.         2.         2.        
 0.0010125  1.         124.5u     0.         0.         0.         0.         0.        
method(c1)= 4.        
 0.0010~    0.         249.~u     0.         0.         1.         1.         1.        
 0.0010~    0.         438.~u     0.         0.         2.         2.         2.        
 0.0011~    0.         999.~u     2.         2.         3.         3.         2.        
 0.0012~    0.         0.001      2.         2.         0.         0.         0.        
method(c1)= 4.        
 0.0012625  1.         875.5u     0.         0.         0.         0.         0.        
method(c1)= 4.        
 0.001275   0.         750.~u     0.         0.         1.         1.         1.        
 0.0012961  0.         539.~u     0.         0.         2.         2.         2.        
 0.0013     0.         500.~u     2.         2.         3.         3.         2.        
 0.0017398  0.         500.u      0.         0.         0.         0.         0.        
method(c1)= 4.        
 0.0018     0.         500.u      2.         2.         1.         1.         1.        
 0.0018125  1.         624.5u     0.         0.         0.         0.         0.        
method(c1)= 4.        
 0.001825   0.         749.5u     0.         0.         1.         1.         1.        
 0.00185    0.         999.5u     2.         2.         2.         2.         2.        
 0.0020144  0.         0.001      0.         0.         0.         0.         0.        
method(c1)= 4.        
 0.0021     0.         0.001      2.         2.         1.         1.         1.        
 0.0021125  1.         875.5u ~   0.         0.   ~     0.         0.         0.        
method(c1)= 4.        
 0.0021~    0.         750.~u     0.         0.         1.         1.         1.        
 0.0021~    0.         242.~u     0.         0.         2.         2.         2.        
 0.0022~    0.         501.94n    2.         2.         3.         3.         2.        
 0.00328    0.         23.237p    0.         0.         0.         0.         0.        
method(c1)= 4.        
 0.016      0.        -23.236p    2.         2.         1.         1.         1.        
 0.016012   1.         124.5u     0.         0.         0.         0.         0.        
method(c1)= 4.        
 0.016025   0.         249.5u     0.         0.         1.         1.         1.        
 0.0161     0.         996.39u    0.         0.         2.         2.         2.        
 0.0161     0.         999.5u     2.         2.         3.         3.         2.        
 0.01625    0.         0.001      2.         2.         0.         0.         0.        
method(c1)= 4.        
 0.016263   1.         875.5u     0.         0.         0.         0.         0.        
method(c1)= 4.        
 0.016275   0.         750.5u     0.         0.         1.         1.         1.        
 0.0163     0.         500.5u     2.         2.         2.         2.         2.        
 0.016465   0.         500.u      0.         0.         0.         0.         0.        
method(c1)= 4.        
 0.0168     0.         500.u      2.         2.         1.         1.         1.        
 0.016813   1.         624.5u     0.         0.         0.         0.         0.        
method(c1)= 4.        
 0.016825   0.         749.5u     0.         0.         1.         1.         1.        
 0.01685    0.         999.5u     2.         2.         2.         2.         2.        
 0.017014   0.         0.001      0.         0.         0.         0.         0.        
method(c1)= 4.        
 0.0171     0.         0.001      2.         2.         1.         1.         1.        
 0.017113   1.         875.5u     0.         0.         0.         0.         0.        
method(c1)= 4.        
 0.017125   0.         750.5u     0.         0.         1.         1.         1.        
 0.0172     0.         498.05n    2.         2.         2.         2.         2.        
 0.017405   0.         121.21p    0.         0.         0.         0.         0.        
method(c1)= 4.        
 0.031      0.        -121.2p     2.         2.         1.         1.         1.        
 0.031013   1.         124.5u     0.         0.         0.         0.         0.        
method(c1)= 4.        
 0.031025   0.         249.5u     0.         0.         1.         1.         1.        
 0.0311     0.         999.5u     2.         2.         2.         2.         2.        
 0.03125    0.         0.001      2.         2.         0.         0.         0.        
method(c1)= 4.        
 0.031262   1.         875.5u     0.         0.         0.         0.         0.        
method(c1)= 4.        
 0.031275   0.         750.5u     0.         0.         1.         1.         1.        
 0.0313     0.         500.5u     2.         2.         2.         2.         2.        
 0.031464   0.         500.u      0.         0.         0.         0.         0.        
method(c1)= 4.        
 0.0318     0.         500.u      2.         2.         1.         1.         1.        
 0.031813   1.         624.5u     0.         0.         0.         0.         0.        
method(c1)= 4.        
 0.031825   0.         749.5u     0.         0.         1.         1.         1.        
 0.03185    0.         999.5u     2.         2.         2.         2.         2.        
 0.032013   0.         0.001      0.         0.         0.         0.         0.        
method(c1)= 4.        
 0.0321     0.         0.001      2.         2.         1.         1.         1.        
 0.032112   1.         875.5u     0.         0.         0.         0.         0.        
method(c1)= 4.        
 0.032125   0.         750.5u     0.         0.         1.         1.         1.        
 0.0322     0.         498.05n    2.         2.         2.         2.         2.        
 0.032405   0.         121.29p    0.         0.         0.         0.         0.        
method(c1)= 4.        
 0.04       0.        -121.29p    0.         0.         1.         1.         1.        
Gnucap   System status
iterations: op=0, dc=0, tran=283, fourier=0, total=360
transient timesteps: accepted=65, rejected=12, total=77
nodes: user=3, subckt=0, model=0, total=3
dctran density=100.0%, ac density=100.0%
