#Time       v(n1)      v(n2)      v(n3)      v(n4)      v(n5)      i(r1)      method(c1) hidden(0)  dis(n5)    v(r1)      ord(v1)    ord(c1)   
 0.         0.         0.         0.         0.         0.         0.        -1.         0.         0.         0.        -1.        -1.        
 0.1        0.         0.         0.         0.         0.         0.         4.         0.         0.         0.         0.         0.        
 1.         0.         0.         0.         0.         0.         0.         2.         0.         2.         0.         1.         1.        
 1.001      1.         0.99752    0.99505    0.99257    0.9901     9.901u     4.         0.         2.         0.0024752  0.         0.        
 1.         0.006993   0.0059642  0.0049354  0.0039066  0.0028778  4.1152u    4.         0.         2.         0.0010288  0.         0.        
 1.         48.902u    36.736u    24.57u     12.404u    237.98n    48.664n    4.         0.         2.         12.166u    0.         0.        
 1.         24.451u    18.353u    12.255u    6.1575u    59.64n     24.391n    4.         0.         0.         6.0979u    0.         0.        
 1.         35.451u    26.611u    17.772u    8.9321u    92.502n    35.359n    2.         0.         0.         8.8396u    1.         1.        
 1.         0.0016833  0.0012952  907.08u    518.99u    130.91u    1.5524u    2.         0.         0.         388.09u    2.         2.        
 1.         0.0026     0.0020268  0.0014536  880.37u    307.16u    2.2928u    2.         0.         0.         573.21u    3.         2.        
 1.         0.0052037  0.0041866  0.0031695  0.0021524  0.0011353  4.0684u    2.         0.         0.         0.0010171  3.         2.        
 1.         0.0078074  0.0064487  0.00509    0.0037312  0.0023725  5.4349u    2.         0.         0.         0.0013587  3.         2.        
 1.         0.010411   0.0087895  0.0071678  0.0055462  0.0039245  6.4866u    2.         0.         0.         0.0016217  3.         2.        
 1.         0.014364   0.012452   0.010541   0.0086291  0.0067175  7.6461u    2.         0.         0.         0.0019115  3.         2.        
 1.         0.018316   0.01621    0.014105   0.011999   0.0098932  8.423u     2.         0.         0.         0.0021057  3.         2.        
 1.         0.025~     0.022~     0.020~     0.018~     0.0~       9.22~u     2.         0.         0.         0.00230~   3.         2.        
 1.         0.031~     0.02~      0.027~     0.024~     0.022~     9.61~u     2.         0.         0.         0.00240~   3.         2.        
 1.         0.044~     0.04~      0.039~     0.036~     0.034~     9.909~u    2.         0.         0.         0.00247~   3.         2.        
 1.0001     0.0~       0.05~      0.051~     0.049~     0.046~     9.978~u    2.         0.         0.         0.00249~   3.         2.        
 1.0001     0.0~       0.08~      0.078~     0.075~     0.073~     ~~.u       2.         0.         0.         0.00250~   3.         2.        
 1.0001     0.1~       0.12~      0.122~     0.120~     0.117~     9.9988u    2.         0.         0.         0.00249~   3.         2.        
 1.0002     0.23663    0.23413    0.231~     0.229~     0.22662    10.001u    2.         0.         0.         0.00250~   3.         2.        
 1.000~     0.57185    0.56935    0.566~     0.564~     0.56185    9.9~n      2.         0.         0.         0.0~n      3.         2.        
 1.001~     1.         0.9975     0.995      0.9925     0.99       10.~n      2.         0.         2.         0.~n       3.         2.        
 1.006~     1.         1.         0.99999    0.99999    0.99998    17.~n      4.         0.         0.         4.~n       0.         0.        
 1.01~      1.         1.         1.         1.         1.        -17.~n      2.         0.         0.        -4.~n       1.         1.        
 1.02~      1.         1.         0.99999    0.99999    0.99998    17.~n      2.         0.         0.         4.~n       2.         2.        
 1.0~       1.         1.         1.         1.         1.        -17.~n      2.         0.         0.        -4.~n       3.         2.        
 1.1~       1.         1.         0.99999    0.99999    0.99998    17.~n      2.         0.         0.         4.~n       3.         2.        
 1.38~      1.         1.         1.         1.         1.        -17.~n      2.         0.         0.        -4.~n       3.         2.        
 2.00~      1.         1.         0.99999    0.99999    0.99998    17.~n      2.         0.         0.         4.~n       3.         2.        
 4.0034     1.         1.         1.         1.         1.        -17.~n      2.         0.         0.        -4.~n       3.         2.        
 7.0017     1.         1.         0.99999    0.99999    0.99998    17.044n    2.         0.         0.         4.2609u    3.         2.        
 10.        1.         1.         1.         1.         1.        -17.036n    2.         0.         0.        -4.2589u    3.         2.        
Gnucap   System status
iterations: op=0, dc=0, tran=121, fourier=0, total=155
transient timesteps: accepted=31, rejected=3, total=34
nodes: user=5, subckt=0, model=0, total=5
dctran density=52.0%, ac density=52.0%
