'LC Oscillator Accuracy test 
#Time       v(1)      
 0.        -10.u      
 0.1        69.49~u   
 0.2        307.05u   
 0.3        700.31u   
 0.4        0.001245~ 
 0.5        0.001936~ 
 0.6        0.002767~ 
 0.7        0.003729~ 
 0.8        0.004812~ 
 0.9        0.006007~ 
 1.         0.007~    
 1.1        0.0086~   
 1.2        0.010~    
 1.3        0.011~    
 1.4        0.013~    
 1.5        0.014~    
 1.6        0.016~    
 1.7        0.017~    
 1.8        0.019~    
 1.9        0.021~    
 2.         0.022~    
 2.1        0.023~    
 2.2        0.025~    
 2.3        0.026~    
 2.4        0.027~    
 2.5        0.028~    
 2.6        0.029~    
 2.7        0.030~    
 2.8        0.030~    
 2.9        0.031~    
 3.         0.031~    
 3.1        0.031~    
 3.2        0.031~    
 3.3        0.031~    
 3.4        0.031~    
 3.5        0.030~    
 3.6        0.030~    
 3.7        0.029~    
 3.8        0.028~    
 3.9        0.027~    
 4.         0.026~    
 4.1        0.025~    
 4.2        0.023~    
 4.3        0.022~    
 4.4        0.020~    
 4.5        0.019~    
 4.6        0.017~    
 4.7        0.016~    
 4.8        0.014~    
 4.9        0.01300~  
 5.         0.01146~  
 5.1        0.0099~   
 5.2        0.0085~   
 5.3        0.0071~   
 5.4        0.0058~   
 5.5        0.0046~   
 5.6        0.0036~   
 5.7        0.0026~   
 5.8        0.0018~   
 5.9        0.0011~   
 6.         646.~u    
 6.1        271.~u    
 6.2        5~.~u     
 6.3       -~.~u      
 6.4        88.~u     
 6.5        344.~u    
 6.6        755.~u    
 6.7        0.0013~   
 6.8        0.0020~   
 6.9        0.0028~   
 7.         0.0038~   
 7.1        0.0049~   
 7.2        0.0061~   
 7.3        0.0074~   
 7.4        0.0088~   
 7.5        0.01030~  
 7.6        0.01181~  
 7.7        0.01337~  
 7.8        0.01495~  
 7.9        0.01654~  
 8.         0.01812~  
 8.1        0.01969   
 8.2        0.021215  
 8.3        0.022687  
 8.4        0.024091  
 8.5        0.025413  
 8.6        0.026641  
 8.7        0.02776~  
 8.8        0.028764  
 8.9        0.029639  
 9.         0.030376  
 9.1        0.03097   
 9.2        0.031413  
 9.3        0.03170~  
 9.4        0.031833  
 9.5        0.031805  
 9.6        0.031619  
 9.7        0.031276  
 9.8        0.03078   
 9.9        0.030136  
 10.        0.029349  
 10.1       0.028429  
 10.2       0.02738~  
 10.3       0.02622~  
 10.4       0.02496~  
 10.5       0.02361~  
 10.6       0.02218~  
 10.7       0.020689  
 10.8       0.01915   
 10.9       0.017578  
 11.        0.01599   
 11.1       0.014401  
 11.2       0.012827  
 11.3       0.011284  
 11.4       0.0097~   
 11.5       0.0083~   
 11.6       0.0069~   
 11.7       0.0057~   
 11.8       0.0045~   
 11.9       0.0034~   
 12.        0.0025~   
 12.1       0.0017~   
 12.2       0.0011~   
 12.3       59~.~u    
 12.4       237.~u    
 12.5       36.~u     
 12.6      -~.~u      
 12.7       110.~u    
 12.8       38~.~u    
 12.9       81~.~u    
 13.        0.0013~   
 13.1       0.0021~   
 13.2       0.0029~   
 13.3       0.0039~   
 13.4       0.0050~   
 13.5       0.0062~   
 13.6       0.0076~   
 13.7       0.0090~   
 13.8       0.010475  
 13.9       0.011996  
 14.        0.013555  
 14.1       0.015138  
 14.2       0.016728  
 14.3       0.018311  
 14.4       0.019869  
 14.5       0.021388  
 14.6       0.022853  
 14.7       0.024248  
 14.8       0.02556   
 14.9       0.026776  
 15.        0.0278~   
 15.1       0.0288~   
 15.2       0.0297~   
 15.3       0.0304~   
 15.4       0.0310~   
 15.5       0.0314~   
 15.6       0.0317~   
 15.7       0.0318~   
 15.8       0.0317~   
 15.9       0.0315~   
 16.        0.0312~   
 16.1       0.0307~   
 16.2       0.0300~   
 16.3       0.02925   
 16.4       0.02831~  
 16.5       0.02725~  
 16.6       0.02608~  
 16.7       0.02481~  
 16.8       0.02344~  
 16.9       0.02201~  
 17.        0.02051~  
 17.1       0.01896~  
 17.2       0.01739~  
 17.3       0.01580~  
 17.4       0.01421~  
 17.5       0.01264~  
 17.6       0.01110~  
 17.7       0.0096~   
 17.8       0.0081~   
 17.9       0.0068~   
 18.        0.0055~   
 18.1       0.0044~   
 18.2       0.0033~   
 18.3       0.0024~   
 18.4       0.0016~   
 18.5       0.0010~   
 18.6       54~.~u    
 18.7       206.~u    
 18.8       23.~u     
 18.9      -~~~.~n    
 19.        13~.~u    
 19.1       42~.~u    
 19.2       872.~u    
 19.3       0.0014~   
 19.4       0.0022~   
 19.5       0.0030~   
 19.6       0.0040~   
 19.7       0.0052~   
 19.8       0.0064~   
 19.9       0.0077~   
 20.        0.0091~   
 20.1       0.0106~   
 20.2       0.0121~   
 20.3       0.0137~   
 20.4       0.0153~   
 20.5       0.0169~   
 20.6       0.018493  
 20.7       0.020048  
 20.8       0.021561  
 20.9       0.023018  
 21.        0.02440~  
 21.1       0.02570~  
 21.2       0.02691~  
 21.3       0.02800~  
 21.4       0.02897~  
 21.5       0.02982~  
 21.6       0.03052~  
 21.7       0.03108~  
 21.8       0.031494  
 21.9       0.031746  
 22.        0.03184~  
 22.1       0.03177~  
 22.2       0.03155~  
 22.3       0.03117~  
 22.4       0.03064~  
 22.5       0.02996~  
 22.6       0.02914~  
 22.7       0.02819~  
 22.8       0.02712~  
 22.9       0.02594~  
 23.        0.02465~  
 23.1       0.023285  
 23.2       0.02184   
 23.3       0.020336  
 23.4       0.018788  
 23.5       0.017211  
 23.6       0.015622  
 23.7       0.014035  
 23.8       0.012467  
 23.9       0.010933  
 24.        0.009449~ 
 24.1       0.008029~ 
 24.2       0.00668~  
 24.3       0.0054~   
 24.4       0.00429~  
 24.5       0.003267~ 
 24.6       0.00236~  
 24.7       0.00159~  
 24.8       973.~u    
 24.9       498.~u    
 25.        17~.~u    
 25.1       12.~u     
 25.2       ~.~u      
 25.3       160.~u    
 25.4       470.~u    
 25.5       93~.~u    
 25.6       0.0015~   
 25.7       0.0023~   
 25.8       0.0031~   
 25.9       0.0042~   
 26.        0.0053~   
 26.1       0.0065~   
 26.2       0.0079~   
 26.3       0.0093~   
 26.4       0.0108~   
 26.5       0.0123~   
 26.6       0.01392   
 26.7       0.015506  
 26.8       0.017096  
 26.9       0.018674  
 27.        0.020225  
 27.1       0.021733  
 27.2       0.02318~  
 27.3       0.02456   
 27.4       0.025851  
 27.5       0.027043  
 27.6       0.028124  
 27.7       0.02908~  
 27.8       0.029911  
 27.9       0.030~    
 28.        0.03114~  
 28.1       0.03153~  
 28.2       0.03176~  
 28.3       0.03184~  
 28.4       0.03175~  
 28.5       0.03151~  
 28.6       0.03112~  
 28.7       0.03057~  
 28.8       0.02987~  
 28.9       0.02904~  
 29.        0.0280~   
 29.1       0.02699~  
 29.2       0.025797  
 29.3       0.024502  
 29.4       0.023122  
 29.5       0.0216~   
 29.6       0.0201~   
 29.7       0.018607  
 29.8       0.017028  
 29.9       0.015437  
 30.        0.013852  
 30.1       0.012287  
 30.2       0.01075~  
 30.3       0.00928~  
 30.4       0.0078~   
 30.5       0.00653~  
 30.6       0.00530~  
 30.7       0.00417~  
 30.8       0.00315~  
 30.9       0.00226~  
 31.        0.00151~  
 31.1       91~.~u    
 31.2       45~.~u    
 31.3       1~~.~u    
 31.4       ~.~u      
 31.5       1~.~u     
 31.6       187.~u    
 31.7       516.~u    
 31.8       99~.~u    
 31.9       0.0016~   
 32.        0.0024~   
 32.1       0.0033~   
 32.2       0.0043~   
 32.3       0.0054~   
 32.4       0.0067~   
 32.5       0.0080~   
 32.6       0.0095~   
 32.7       0.010998  
 32.8       0.012534  
 32.9       0.01410~  
 33.        0.01569   
 33.1       0.0172~   
 33.2       0.01885~  
 33.3       0.020402  
 33.4       0.021904  
 33.5       0.023346  
 33.6       0.024714  
 33.7       0.025~    
 33.8       0.027~    
 33.9       0.028~    
 34.        0.029~    
 34.1       0.029~    
 34.2       0.030~    
 34.3       0.031~    
 34.4       0.031~    
 34.5       0.031~    
 34.6       0.031~    
 34.7       0.031~    
 34.8       0.031~    
 34.9       0.031~    
 35.        0.030499  
 35.1       0.0297~   
 35.2       0.0289~   
 35.3       0.0279~   
 35.4       0.0268~   
 35.5       0.0256~   
 35.6       0.0243~   
 35.7       0.0229~   
 35.8       0.0214~   
 35.9       0.019981  
 36.        0.018425  
 36.1       0.016844  
 36.2       0.0152~   
 36.3       0.0136~   
 36.4       0.012108  
 36.5       0.01058~  
 36.6       0.00911~  
 36.7       0.00771~  
 36.8       0.00639~  
 36.9       0.00516~  
 37.        0.00404~  
 37.1       0.00304~  
 37.2       0.00217~  
 37.3       0.0014~   
 37.4       8~~.~u    
 37.5       4~~.~u    
 37.6       12~.~u    
 37.7      -~.~u      
 37.8       2~.~u     
 37.9       21~.~u    
 38.        56~.~u    
 38.1       0.0010~   
 38.2       0.0017~   
 38.3       0.0024~   
 38.4       0.0034~   
 38.5       0.0044~   
 38.6       0.0056~   
 38.7       0.0068~   
 38.8       0.0082~   
 38.9       0.0096~   
 39.        0.011174  
 39.1       0.01271~  
 39.2       0.014286  
 39.3       0.015875  
 39.4       0.017463  
 39.5       0.0190~   
 39.6       0.0205~   
 39.7       0.0220~   
 39.8       0.0235~   
 39.9       0.0248~   
 40.        0.0261~   
 40.1       0.0273~   
 40.2       0.0283~   
 40.3       0.0292~   
 40.4       0.0300~   
 40.5       0.0307~   
 40.6       0.0312~   
 40.7       0.031~    
 40.8       0.0317~   
 40.9       0.0318~   
 41.        0.0317~   
 41.1       0.0314~   
 41.2       0.0310~   
 41.3       0.0304~   
 41.4       0.0296~   
 41.5       0.0288~   
 41.6       0.0278~   
 41.7       0.0267~   
 41.8       0.0255~   
 41.9       0.02419~  
 42.        0.02279~  
 42.1       0.02132~  
 42.2       0.01980~  
 42.3       0.01824~  
 42.4       0.01666   
 42.5       0.015069  
 42.6       0.013487  
 42.7       0.011929  
 42.8       0.010411  
 42.9       0.00894~  
 43.        0.00755~  
 43.1       0.00624~  
 43.2       0.0050~   
 43.3       0.00392~  
 43.4       0.00293~  
 43.5       0.00208~  
 43.6       0.00136~  
 43.7       791.56u   
 43.8       369.36u   
 43.9       102.23u   
 44.       -7.1568u   
 44.1       42.284u   
 44.2       250.06u   
 44.3       614.1u    
 44.4       0.001130~ 
 44.5       0.001794~ 
 44.6       0.002599~ 
 44.7       0.003537~ 
 44.8       0.004599~ 
 44.9       0.005773~ 
 45.        0.007048~ 
 45.1       0.008412~ 
 45.2       0.009851~ 
 45.3       0.01135~  
 45.4       0.01289~  
 45.5       0.01447~  
 45.6       0.01605~  
 45.7       0.01764~  
 45.8       0.01921~  
 45.9       0.02075~  
 46.        0.02224~  
 46.1       0.02367~  
 46.2       0.02501~  
 46.3       0.02627~  
 46.4       0.02743~  
 46.5       0.02847~  
 46.6       0.02938~  
 46.7       0.03016~  
 46.8       0.03080~  
 46.9       0.03129~  
 47.        0.03163~  
 47.1       0.03180~  
 47.2       0.03183~  
 47.3       0.03169~  
 47.4       0.03139~  
 47.5       0.03094~  
 47.6       0.03034~  
 47.7       0.02960~  
 47.8       0.02872~  
 47.9       0.02771~  
 48.        0.02659~  
 48.1       0.02535~  
 48.2       0.02403~  
 48.3       0.02262~  
 48.4       0.02115~  
 48.5       0.019624  
 48.6       0.01806   
 48.7       0.016475  
 48.8       0.014885  
 48.9       0.013305  
 49.        0.011751  
 49.1       0.010238  
 49.2       0.0087825 
 49.3       0.0073977 
 49.4       0.006098  
 49.5       0.0048961 
 49.6       0.0038042 
 49.7       0.0028331 
 49.8       0.0019924 
 49.9       0.0012907 
 50.        734.84u   
 50.1       330.42u   
 50.2       81.451u   
 50.3      -9.568u    
 50.4       58.267u   
 50.5       284.28u   
 50.6       666.21u   
 50.7       0.0012003 
 50.8       0.0018811 
 50.9       0.0027019 
 51.        0.0036545 
 51.1       0.0047295 
 51.2       0.005916  
 51.3       0.0072023 
 51.4       0.0085754 
 51.5       0.010022  
 51.6       0.011527  
 51.7       0.013076  
 51.8       0.014653  
 51.9       0.016243  
 52.        0.01783   
 52.1       0.019397  
 52.2       0.02093   
 52.3       0.022413  
 52.4       0.023831  
 52.5       0.02517   
 52.6       0.026416  
 52.7       0.027558  
 52.8       0.028584  
 52.9       0.029484  
 53.        0.030248  
 53.1       0.030869  
 53.2       0.031341  
 53.3       0.031659  
 53.4       0.03182   
 53.5       0.031822  
 53.6       0.031666  
 53.7       0.031353  
 53.8       0.030885  
 53.9       0.030269  
 54.        0.029509  
 54.1       0.028613  
 54.2       0.027591  
 54.3       0.026453  
 54.4       0.025209  
 54.5       0.023872  
 54.6       0.022457  
 54.7       0.020976  
 54.8       0.019444  
 54.9       0.017878  
 55.        0.016291  
 55.1       0.014701  
 55.2       0.013123  
 55.3       0.011573  
 55.4       0.010067  
 55.5       0.0086182 
 55.6       0.0072426 
 55.7       0.0059535 
 55.8       0.0047638 
 55.9       0.0036853 
 56.        0.0027288 
 56.1       0.0019039 
 56.2       0.0012187 
 56.3       680.16u   
 56.4       293.56u   
 56.5       62.79u    
 56.6      -9.8465u   
 56.7       76.373u   
 56.8       320.59u   
 56.9       720.37u   
 57.        0.0012717 
 57.1       0.0019691 
 57.2       0.0028057 
 57.3       0.003773  
 57.4       0.0048614 
 57.5       0.0060601 
 57.6       0.0073571 
 57.7       0.0087395 
 57.8       0.01019~  
 57.9       0.01170~  
 58.        0.01325~  
 58.1       0.01483~  
 58.2       0.01642~  
 58.3       0.01801~  
 58.4       0.01957~  
 58.5       0.02110~  
 58.6       0.02258~  
 58.7       0.02399~  
 58.8       0.02531~  
 58.9       0.02655~  
 59.        0.02768~  
 59.1       0.02869~  
 59.2       0.02957~  
 59.3       0.03032~  
 59.4       0.03093~  
 59.5       0.03138~  
 59.6       0.03168~  
 59.7       0.03182~  
 59.8       0.03181~  
 59.9       0.03163~  
 60.        0.03130~  
 60.1       0.03082~  
 60.2       0.03018~  
 60.3       0.02941~  
 60.4       0.02850~  
 60.5       0.02746~  
 60.6       0.02631~  
 60.7       0.02505~  
 60.8       0.02371~  
 60.9       0.02228~  
 61.        0.02080~  
 61.1       0.01926~  
 61.2       0.01769~  
 61.3       0.01610~  
 61.4       0.01451~  
 61.5       0.01294~  
 61.6       0.01139~  
 61.7       0.009895~ 
 61.8       0.008454~ 
 61.9       0.007088~ 
 62.        0.005810~ 
 62.1       0.004633~ 
 62.2       0.003568~ 
 62.3       0.002626~ 
 62.4       0.001817~ 
 62.5       0.001148~ 
 62.6       627.5~u   
 62.7       258.7~u   
 62.8       46.25~u   
 62.9      -44.72~u   
 63.       -127.1~u   
 63.1      -208.2~u   
 63.2      -287.3~u   
 63.3      -363.4~u   
 63.4      -436.0~u   
 63.5      -504.2~u   
 63.6      -567.4~u   
 63.7      -624.9~u   
 63.8      -676.2~u   
 63.9      -720.7~u   
 64.       -758.0~u   
 64.1      -787.8~u   
 64.2      -809.7~u   
 64.3      -823.6~u   
 64.4      -829.2~u   
 64.5      -826.6~u   
 64.6      -815.7~u   
 64.7      -796.6~u   
 64.8      -769.7~u   
 64.9      -735.0~u   
 65.       -693.0~u   
 65.1      -644.1~u   
 65.2      -588.8~u   
 65.3      -527.6~u   
 65.4      -461.2~u   
 65.5      -390.1~u   
 65.6      -315.2~u   
 65.7      -237.1~u   
 65.8      -156.6~u   
 65.9      -74.61~u   
 66.        8.153~u   
 66.1       90.84~u   
 66.2       172.6~u   
 66.3       252.6~u   
 66.4       330.2~u   
 66.5       404.4~u   
 66.6       474.6~u   
 66.7       540.1~u   
 66.8       600.2~u   
 66.9       654.3~u   
 67.        701.9~u   
 67.1       742.48u   
 67.2       775.65u   
 67.3       801.07u   
 67.4       818.51u   
 67.5       827.78u   
 67.6       828.8u    
 67.7       821.55u   
 67.8       806.1u    
 67.9       782.61u   
 68.        751.32u   
 68.1       712.53u   
 68.2       666.63u   
 68.3       614.08u   
 68.4       555.41u   
 68.5       491.2u    
 68.6       422.09u   
 68.7       348.77u   
 68.8       271.97u   
 68.9       192.45u   
 69.        111.02u   
 69.1       28.477u   
 69.2      -54.348u   
 69.3      -136.63u   
 69.4      -217.55u   
 69.5      -296.3u    
 69.6      -372.1u    
 69.7      -444.18u   
 69.8      -511.83u   
 69.9      -574.38u   
 70.       -631.19u   
 70.1      -681.71u   
 70.2      -725.44u   
 70.3      -761.92u   
 70.4      -790.8u    
 70.5      -811.8u    
 70.6      -824.7u    
 70.7      -829.37u   
 70.8      -825.77u   
 70.9      -813.93u   
 71.       -793.97u   
 71.1      -766.1u    
 71.2      -730.58u   
 71.3      -687.77u   
 71.4      -638.1u    
 71.5      -582.07u   
 71.6      -520.23u   
 71.7      -453.2u    
 71.8      -381.65u   
 71.9      -306.3u    
 72.       -227.89u   
 72.1      -147.2u    
 72.2      -65.052u   
 72.3       17.75u    
 72.4       100.37u   
 72.5       182.u     
 72.6       261.81u   
 72.7       339.u     
 72.8       412.82u   
 72.9       482.51u   
 73.        547.4u    
 73.1       606.82u   
 73.2       660.19u   
 73.3       706.98u   
 73.4       746.71u   
 73.5       778.99u   
 73.6       803.51u   
 73.7       820.u     
 73.8       828.32u   
 73.9       828.38u   
 74.        820.17u   
 74.1       803.79u   
 74.2       779.38u   
 74.3       747.2u    
 74.4       707.57u   
 74.5       660.88u   
 74.6       607.59u   
 74.7       548.25u   
 74.8       483.43u   
 74.9       413.8u    
 75.        340.04u   
 75.1       262.88u   
 75.2       183.1u    
 75.3       101.5u    
 75.4       18.883u   
 75.5      -63.922u   
 75.6      -146.09u   
 75.7      -226.8u    
 75.8      -305.25u   
 75.9      -380.65u   
 76.       -452.25u   
 76.1      -519.35u   
 76.2      -581.26u   
 76.3      -637.38u   
 76.4      -687.1~u   
 76.5      -730.0~u   
 76.6      -765.6~u   
 76.7      -793.6~u   
 76.8      -813.7~u   
 76.9      -825.6~u   
 77.       -829.3~u   
 77.1      -824.8~u   
 77.2      -812.0~u   
 77.3      -791.1~u   
 77.4      -762.3~u   
 77.5      -725.9~u   
 77.6      -682.3~u   
 77.7      -631.9~u   
 77.8      -575.1~u   
 77.9      -512.7~u   
 78.       -445.~u    
 78.1      -373.1~u   
 78.2      -297.3~u   
 78.3      -218.6~u   
 78.4      -137.7~u   
 78.5      -55.47~u   
 78.6       27.34~u   
 78.7       109.8~u   
 78.8       191.3~u   
 78.9       270.8~u   
 79.        347.7~u   
 79.1       421.1~u   
 79.2       490.2~u   
 79.3       554.5~u   
 79.4       613.3~u   
 79.5       665.9~u   
 79.6       711.9~u   
 79.7       750.8~u   
 79.8       782.2~u   
 79.9       805.8~u   
 80.        821.39u   
v(1) -0.04             -0.02              0.               0.02            0.04
        +-----------------+----------------+-----------------+----------------+
 0.     |                 .                *                 .                |
 0.1    |                 .                *                 .                |
 0.2    |                 .                *                 .                |
 0.3    |                 .                .*                .                |
 0.4    |                 .                .*                .                |
 0.5    |                 .                . *               .                |
 0.6    |                 .                . *               .                |
 0.7    |                 .                .  *              .                |
 0.8    |                 .                .   *             .                |
 0.9    |                 .                .    *            .                |
 1.     |                 .                .     *           .                |
 1.1    |                 .                .       *         .                |
 1.2    |                 .                .        *        .                |
 1.3    |                 .                .         *       .                |
 1.4    |                 .                .           *     .                |
 1.5    |                 .                .            *    .                |
 1.6    |                 .                .             *   .                |
 1.7    |                 .                .               * .                |
 1.8    |                 .                .                *.                |
 1.9    |                 .                .                 *                |
 2.     |                 .                .                 . *              |
 2.1    |                 .                .                 .  *             |
 2.2    |                 .                .                 .   *            |
 2.3    |                 .                .                 .    *           |
 2.4    |                 .                .                 .     *          |
 2.5    |                 .                .                 .      *         |
 2.6    |                 .                .                 .       *        |
 2.7    |                 .                .                 .        *       |
 2.8    |                 .                .                 .        *       |
 2.9    |                 .                .                 .        *       |
 3.     |                 .                .                 .         *      |
 3.1    |                 .                .                 .         *      |
 3.2    |                 .                .                 .         *      |
 3.3    |                 .                .                 .         *      |
 3.4    |                 .                .                 .        *       |
 3.5    |                 .                .                 .        *       |
 3.6    |                 .                .                 .       *        |
 3.7    |                 .                .                 .       *        |
 3.8    |                 .                .                 .      *         |
 3.9    |                 .                .                 .     *          |
 4.     |                 .                .                 .    *           |
 4.1    |                 .                .                 .   *            |
 4.2    |                 .                .                 .  *             |
 4.3    |                 .                .                 . *              |
 4.4    |                 .                .                 *                |
 4.5    |                 .                .                *.                |
 4.6    |                 .                .               * .                |
 4.7    |                 .                .             *   .                |
 4.8    |                 .                .            *    .                |
 4.9    |                 .                .          *      .                |
 5.     |                 .                .         *       .                |
 5.1    |                 .                .        *        .                |
 5.2    |                 .                .      *          .                |
 5.3    |                 .                .     *           .                |
 5.4    |                 .                .    *            .                |
 5.5    |                 .                .   *             .                |
 5.6    |                 .                .  *              .                |
 5.7    |                 .                . *               .                |
 5.8    |                 .                . *               .                |
 5.9    |                 .                .*                .                |
 6.     |                 .                .*                .                |
 6.1    |                 .                *                 .                |
 6.2    |                 .                *                 .                |
 6.3    |                 .                *                 .                |
 6.4    |                 .                *                 .                |
 6.5    |                 .                *                 .                |
 6.6    |                 .                .*                .                |
 6.7    |                 .                .*                .                |
 6.8    |                 .                . *               .                |
 6.9    |                 .                .  *              .                |
 7.     |                 .                .  *              .                |
 7.1    |                 .                .   *             .                |
 7.2    |                 .                .    *            .                |
 7.3    |                 .                .      *          .                |
 7.4    |                 .                .       *         .                |
 7.5    |                 .                .        *        .                |
 7.6    |                 .                .         *       .                |
 7.7    |                 .                .           *     .                |
 7.8    |                 .                .            *    .                |
 7.9    |                 .                .             *   .                |
 8.     |                 .                .               * .                |
 8.1    |                 .                .                *.                |
 8.2    |                 .                .                 .*               |
 8.3    |                 .                .                 . *              |
 8.4    |                 .                .                 .  *             |
 8.5    |                 .                .                 .   *            |
 8.6    |                 .                .                 .    *           |
 8.7    |                 .                .                 .     *          |
 8.8    |                 .                .                 .      *         |
 8.9    |                 .                .                 .       *        |
 9.     |                 .                .                 .        *       |
 9.1    |                 .                .                 .        *       |
 9.2    |                 .                .                 .        *       |
 9.3    |                 .                .                 .         *      |
 9.4    |                 .                .                 .         *      |
 9.5    |                 .                .                 .         *      |
 9.6    |                 .                .                 .         *      |
 9.7    |                 .                .                 .        *       |
 9.8    |                 .                .                 .        *       |
 9.9    |                 .                .                 .       *        |
 10.    |                 .                .                 .       *        |
 10.1   |                 .                .                 .      *         |
 10.2   |                 .                .                 .     *          |
 10.3   |                 .                .                 .    *           |
 10.4   |                 .                .                 .   *            |
 10.5   |                 .                .                 .  *             |
 10.6   |                 .                .                 .*               |
 10.7   |                 .                .                 *                |
 10.8   |                 .                .                *.                |
 10.9   |                 .                .              *  .                |
 11.    |                 .                .             *   .                |
 11.1   |                 .                .            *    .                |
 11.2   |                 .                .          *      .                |
 11.3   |                 .                .         *       .                |
 11.4   |                 .                .        *        .                |
 11.5   |                 .                .      *          .                |
 11.6   |                 .                .     *           .                |
 11.7   |                 .                .    *            .                |
 11.8   |                 .                .   *             .                |
 11.9   |                 .                .  *              .                |
 12.    |                 .                . *               .                |
 12.1   |                 .                . *               .                |
 12.2   |                 .                .*                .                |
 12.3   |                 .                .*                .                |
 12.4   |                 .                *                 .                |
 12.5   |                 .                *                 .                |
 12.6   |                 .                *                 .                |
 12.7   |                 .                *                 .                |
 12.8   |                 .                *                 .                |
 12.9   |                 .                .*                .                |
 13.    |                 .                .*                .                |
 13.1   |                 .                . *               .                |
 13.2   |                 .                .  *              .                |
 13.3   |                 .                .  *              .                |
 13.4   |                 .                .   *             .                |
 13.5   |                 .                .     *           .                |
 13.6   |                 .                .      *          .                |
 13.7   |                 .                .       *         .                |
 13.8   |                 .                .        *        .                |
 13.9   |                 .                .         *       .                |
 14.    |                 .                .           *     .                |
 14.1   |                 .                .            *    .                |
 14.2   |                 .                .              *  .                |
 14.3   |                 .                .               * .                |
 14.4   |                 .                .                *.                |
 14.5   |                 .                .                 .*               |
 14.6   |                 .                .                 . *              |
 14.7   |                 .                .                 .  *             |
 14.8   |                 .                .                 .   *            |
 14.9   |                 .                .                 .    *           |
 15.    |                 .                .                 .     *          |
 15.1   |                 .                .                 .      *         |
 15.2   |                 .                .                 .       *        |
 15.3   |                 .                .                 .        *       |
 15.4   |                 .                .                 .        *       |
 15.5   |                 .                .                 .         *      |
 15.6   |                 .                .                 .         *      |
 15.7   |                 .                .                 .         *      |
 15.8   |                 .                .                 .         *      |
 15.9   |                 .                .                 .         *      |
 16.    |                 .                .                 .        *       |
 16.1   |                 .                .                 .        *       |
 16.2   |                 .                .                 .       *        |
 16.3   |                 .                .                 .       *        |
 16.4   |                 .                .                 .      *         |
 16.5   |                 .                .                 .     *          |
 16.6   |                 .                .                 .    *           |
 16.7   |                 .                .                 .   *            |
 16.8   |                 .                .                 .  *             |
 16.9   |                 .                .                 .*               |
 17.    |                 .                .                 *                |
 17.1   |                 .                .                *.                |
 17.2   |                 .                .              *  .                |
 17.3   |                 .                .             *   .                |
 17.4   |                 .                .           *     .                |
 17.5   |                 .                .          *      .                |
 17.6   |                 .                .         *       .                |
 17.7   |                 .                .       *         .                |
 17.8   |                 .                .      *          .                |
 17.9   |                 .                .     *           .                |
 18.    |                 .                .    *            .                |
 18.1   |                 .                .   *             .                |
 18.2   |                 .                .  *              .                |
 18.3   |                 .                . *               .                |
 18.4   |                 .                .*                .                |
 18.5   |                 .                .*                .                |
 18.6   |                 .                *                 .                |
 18.7   |                 .                *                 .                |
 18.8   |                 .                *                 .                |
 18.9   |                 .                *                 .                |
 19.    |                 .                *                 .                |
 19.1   |                 .                *                 .                |
 19.2   |                 .                .*                .                |
 19.3   |                 .                .*                .                |
 19.4   |                 .                . *               .                |
 19.5   |                 .                .  *              .                |
 19.6   |                 .                .   *             .                |
 19.7   |                 .                .    *            .                |
 19.8   |                 .                .     *           .                |
 19.9   |                 .                .      *          .                |
 20.    |                 .                .       *         .                |
 20.1   |                 .                .        *        .                |
 20.2   |                 .                .          *      .                |
 20.3   |                 .                .           *     .                |
 20.4   |                 .                .            *    .                |
 20.5   |                 .                .              *  .                |
 20.6   |                 .                .               * .                |
 20.7   |                 .                .                 *                |
 20.8   |                 .                .                 .*               |
 20.9   |                 .                .                 . *              |
 21.    |                 .                .                 .  *             |
 21.1   |                 .                .                 .   *            |
 21.2   |                 .                .                 .     *          |
 21.3   |                 .                .                 .      *         |
 21.4   |                 .                .                 .      *         |
 21.5   |                 .                .                 .       *        |
 21.6   |                 .                .                 .        *       |
 21.7   |                 .                .                 .        *       |
 21.8   |                 .                .                 .         *      |
 21.9   |                 .                .                 .         *      |
 22.    |                 .                .                 .         *      |
 22.1   |                 .                .                 .         *      |
 22.2   |                 .                .                 .         *      |
 22.3   |                 .                .                 .        *       |
 22.4   |                 .                .                 .        *       |
 22.5   |                 .                .                 .       *        |
 22.6   |                 .                .                 .       *        |
 22.7   |                 .                .                 .      *         |
 22.8   |                 .                .                 .     *          |
 22.9   |                 .                .                 .    *           |
 23.    |                 .                .                 .   *            |
 23.1   |                 .                .                 . *              |
 23.2   |                 .                .                 .*               |
 23.3   |                 .                .                 *                |
 23.4   |                 .                .               * .                |
 23.5   |                 .                .              *  .                |
 23.6   |                 .                .             *   .                |
 23.7   |                 .                .           *     .                |
 23.8   |                 .                .          *      .                |
 23.9   |                 .                .         *       .                |
 24.    |                 .                .       *         .                |
 24.1   |                 .                .      *          .                |
 24.2   |                 .                .     *           .                |
 24.3   |                 .                .    *            .                |
 24.4   |                 .                .   *             .                |
 24.5   |                 .                .  *              .                |
 24.6   |                 .                . *               .                |
 24.7   |                 .                .*                .                |
 24.8   |                 .                .*                .                |
 24.9   |                 .                *                 .                |
 25.    |                 .                *                 .                |
 25.1   |                 .                *                 .                |
 25.2   |                 .                *                 .                |
 25.3   |                 .                *                 .                |
 25.4   |                 .                *                 .                |
 25.5   |                 .                .*                .                |
 25.6   |                 .                .*                .                |
 25.7   |                 .                . *               .                |
 25.8   |                 .                .  *              .                |
 25.9   |                 .                .   *             .                |
 26.    |                 .                .    *            .                |
 26.1   |                 .                .     *           .                |
 26.2   |                 .                .      *          .                |
 26.3   |                 .                .       *         .                |
 26.4   |                 .                .        *        .                |
 26.5   |                 .                .          *      .                |
 26.6   |                 .                .           *     .                |
 26.7   |                 .                .             *   .                |
 26.8   |                 .                .              *  .                |
 26.9   |                 .                .               * .                |
 27.    |                 .                .                 *                |
 27.1   |                 .                .                 .*               |
 27.2   |                 .                .                 . *              |
 27.3   |                 .                .                 .  *             |
 27.4   |                 .                .                 .    *           |
 27.5   |                 .                .                 .     *          |
 27.6   |                 .                .                 .      *         |
 27.7   |                 .                .                 .      *         |
 27.8   |                 .                .                 .       *        |
 27.9   |                 .                .                 .        *       |
 28.    |                 .                .                 .        *       |
 28.1   |                 .                .                 .         *      |
 28.2   |                 .                .                 .         *      |
 28.3   |                 .                .                 .         *      |
 28.4   |                 .                .                 .         *      |
 28.5   |                 .                .                 .         *      |
 28.6   |                 .                .                 .        *       |
 28.7   |                 .                .                 .        *       |
 28.8   |                 .                .                 .       *        |
 28.9   |                 .                .                 .      *         |
 29.    |                 .                .                 .      *         |
 29.1   |                 .                .                 .     *          |
 29.2   |                 .                .                 .    *           |
 29.3   |                 .                .                 .  *             |
 29.4   |                 .                .                 . *              |
 29.5   |                 .                .                 .*               |
 29.6   |                 .                .                 *                |
 29.7   |                 .                .               * .                |
 29.8   |                 .                .              *  .                |
 29.9   |                 .                .             *   .                |
 30.    |                 .                .           *     .                |
 30.1   |                 .                .          *      .                |
 30.2   |                 .                .        *        .                |
 30.3   |                 .                .       *         .                |
 30.4   |                 .                .      *          .                |
 30.5   |                 .                .     *           .                |
 30.6   |                 .                .    *            .                |
 30.7   |                 .                .   *             .                |
 30.8   |                 .                .  *              .                |
 30.9   |                 .                . *               .                |
 31.    |                 .                .*                .                |
 31.1   |                 .                .*                .                |
 31.2   |                 .                *                 .                |
 31.3   |                 .                *                 .                |
 31.4   |                 .                *                 .                |
 31.5   |                 .                *                 .                |
 31.6   |                 .                *                 .                |
 31.7   |                 .                *                 .                |
 31.8   |                 .                .*                .                |
 31.9   |                 .                .*                .                |
 32.    |                 .                . *               .                |
 32.1   |                 .                .  *              .                |
 32.2   |                 .                .   *             .                |
 32.3   |                 .                .    *            .                |
 32.4   |                 .                .     *           .                |
 32.5   |                 .                .      *          .                |
 32.6   |                 .                .       *         .                |
 32.7   |                 .                .         *       .                |
 32.8   |                 .                .          *      .                |
 32.9   |                 .                .           *     .                |
 33.    |                 .                .             *   .                |
 33.1   |                 .                .              *  .                |
 33.2   |                 .                .               * .                |
 33.3   |                 .                .                 *                |
 33.4   |                 .                .                 .*               |
 33.5   |                 .                .                 . *              |
 33.6   |                 .                .                 .   *            |
 33.7   |                 .                .                 .    *           |
 33.8   |                 .                .                 .     *          |
 33.9   |                 .                .                 .      *         |
 34.    |                 .                .                 .       *        |
 34.1   |                 .                .                 .       *        |
 34.2   |                 .                .                 .        *       |
 34.3   |                 .                .                 .        *       |
 34.4   |                 .                .                 .         *      |
 34.5   |                 .                .                 .         *      |
 34.6   |                 .                .                 .         *      |
 34.7   |                 .                .                 .         *      |
 34.8   |                 .                .                 .         *      |
 34.9   |                 .                .                 .        *       |
 35.    |                 .                .                 .        *       |
 35.1   |                 .                .                 .       *        |
 35.2   |                 .                .                 .      *         |
 35.3   |                 .                .                 .     *          |
 35.4   |                 .                .                 .     *          |
 35.5   |                 .                .                 .   *            |
 35.6   |                 .                .                 .  *             |
 35.7   |                 .                .                 . *              |
 35.8   |                 .                .                 .*               |
 35.9   |                 .                .                *.                |
 36.    |                 .                .               * .                |
 36.1   |                 .                .              *  .                |
 36.2   |                 .                .            *    .                |
 36.3   |                 .                .           *     .                |
 36.4   |                 .                .          *      .                |
 36.5   |                 .                .        *        .                |
 36.6   |                 .                .       *         .                |
 36.7   |                 .                .      *          .                |
 36.8   |                 .                .     *           .                |
 36.9   |                 .                .    *            .                |
 37.    |                 .                .   *             .                |
 37.1   |                 .                .  *              .                |
 37.2   |                 .                . *               .                |
 37.3   |                 .                .*                .                |
 37.4   |                 .                .*                .                |
 37.5   |                 .                *                 .                |
 37.6   |                 .                *                 .                |
 37.7   |                 .                *                 .                |
 37.8   |                 .                *                 .                |
 37.9   |                 .                *                 .                |
 38.    |                 .                *                 .                |
 38.1   |                 .                .*                .                |
 38.2   |                 .                .*                .                |
 38.3   |                 .                . *               .                |
 38.4   |                 .                .  *              .                |
 38.5   |                 .                .   *             .                |
 38.6   |                 .                .    *            .                |
 38.7   |                 .                .     *           .                |
 38.8   |                 .                .      *          .                |
 38.9   |                 .                .       *         .                |
 39.    |                 .                .         *       .                |
 39.1   |                 .                .          *      .                |
 39.2   |                 .                .            *    .                |
 39.3   |                 .                .             *   .                |
 39.4   |                 .                .              *  .                |
 39.5   |                 .                .                *.                |
 39.6   |                 .                .                 *                |
 39.7   |                 .                .                 .*               |
 39.8   |                 .                .                 .  *             |
 39.9   |                 .                .                 .   *            |
 40.    |                 .                .                 .    *           |
 40.1   |                 .                .                 .     *          |
 40.2   |                 .                .                 .      *         |
 40.3   |                 .                .                 .       *        |
 40.4   |                 .                .                 .       *        |
 40.5   |                 .                .                 .        *       |
 40.6   |                 .                .                 .        *       |
 40.7   |                 .                .                 .         *      |
 40.8   |                 .                .                 .         *      |
 40.9   |                 .                .                 .         *      |
 41.    |                 .                .                 .         *      |
 41.1   |                 .                .                 .         *      |
 41.2   |                 .                .                 .        *       |
 41.3   |                 .                .                 .        *       |
 41.4   |                 .                .                 .       *        |
 41.5   |                 .                .                 .      *         |
 41.6   |                 .                .                 .     *          |
 41.7   |                 .                .                 .    *           |
 41.8   |                 .                .                 .   *            |
 41.9   |                 .                .                 .  *             |
 42.    |                 .                .                 . *              |
 42.1   |                 .                .                 .*               |
 42.2   |                 .                .                *.                |
 42.3   |                 .                .               * .                |
 42.4   |                 .                .              *  .                |
 42.5   |                 .                .            *    .                |
 42.6   |                 .                .           *     .                |
 42.7   |                 .                .         *       .                |
 42.8   |                 .                .        *        .                |
 42.9   |                 .                .       *         .                |
 43.    |                 .                .      *          .                |
 43.1   |                 .                .    *            .                |
 43.2   |                 .                .   *             .                |
 43.3   |                 .                .  *              .                |
 43.4   |                 .                .  *              .                |
 43.5   |                 .                . *               .                |
 43.6   |                 .                .*                .                |
 43.7   |                 .                .*                .                |
 43.8   |                 .                *                 .                |
 43.9   |                 .                *                 .                |
 44.    |                 .                *                 .                |
 44.1   |                 .                *                 .                |
 44.2   |                 .                *                 .                |
 44.3   |                 .                .*                .                |
 44.4   |                 .                .*                .                |
 44.5   |                 .                . *               .                |
 44.6   |                 .                . *               .                |
 44.7   |                 .                .  *              .                |
 44.8   |                 .                .   *             .                |
 44.9   |                 .                .    *            .                |
 45.    |                 .                .     *           .                |
 45.1   |                 .                .      *          .                |
 45.2   |                 .                .        *        .                |
 45.3   |                 .                .         *       .                |
 45.4   |                 .                .          *      .                |
 45.5   |                 .                .            *    .                |
 45.6   |                 .                .             *   .                |
 45.7   |                 .                .              *  .                |
 45.8   |                 .                .                *.                |
 45.9   |                 .                .                 *                |
 46.    |                 .                .                 .*               |
 46.1   |                 .                .                 .  *             |
 46.2   |                 .                .                 .   *            |
 46.3   |                 .                .                 .    *           |
 46.4   |                 .                .                 .     *          |
 46.5   |                 .                .                 .      *         |
 46.6   |                 .                .                 .       *        |
 46.7   |                 .                .                 .       *        |
 46.8   |                 .                .                 .        *       |
 46.9   |                 .                .                 .        *       |
 47.    |                 .                .                 .         *      |
 47.1   |                 .                .                 .         *      |
 47.2   |                 .                .                 .         *      |
 47.3   |                 .                .                 .         *      |
 47.4   |                 .                .                 .        *       |
 47.5   |                 .                .                 .        *       |
 47.6   |                 .                .                 .        *       |
 47.7   |                 .                .                 .       *        |
 47.8   |                 .                .                 .      *         |
 47.9   |                 .                .                 .     *          |
 48.    |                 .                .                 .    *           |
 48.1   |                 .                .                 .   *            |
 48.2   |                 .                .                 .  *             |
 48.3   |                 .                .                 . *              |
 48.4   |                 .                .                 .*               |
 48.5   |                 .                .                *.                |
 48.6   |                 .                .               * .                |
 48.7   |                 .                .             *   .                |
 48.8   |                 .                .            *    .                |
 48.9   |                 .                .           *     .                |
 49.    |                 .                .         *       .                |
 49.1   |                 .                .        *        .                |
 49.2   |                 .                .       *         .                |
 49.3   |                 .                .     *           .                |
 49.4   |                 .                .    *            .                |
 49.5   |                 .                .   *             .                |
 49.6   |                 .                .  *              .                |
 49.7   |                 .                . *               .                |
 49.8   |                 .                . *               .                |
 49.9   |                 .                .*                .                |
 50.    |                 .                .*                .                |
 50.1   |                 .                *                 .                |
 50.2   |                 .                *                 .                |
 50.3   |                 .                *                 .                |
 50.4   |                 .                *                 .                |
 50.5   |                 .                *                 .                |
 50.6   |                 .                .*                .                |
 50.7   |                 .                .*                .                |
 50.8   |                 .                . *               .                |
 50.9   |                 .                . *               .                |
 51.    |                 .                .  *              .                |
 51.1   |                 .                .   *             .                |
 51.2   |                 .                .    *            .                |
 51.3   |                 .                .     *           .                |
 51.4   |                 .                .       *         .                |
 51.5   |                 .                .        *        .                |
 51.6   |                 .                .         *       .                |
 51.7   |                 .                .          *      .                |
 51.8   |                 .                .            *    .                |
 51.9   |                 .                .             *   .                |
 52.    |                 .                .               * .                |
 52.1   |                 .                .                *.                |
 52.2   |                 .                .                 *                |
 52.3   |                 .                .                 . *              |
 52.4   |                 .                .                 .  *             |
 52.5   |                 .                .                 .   *            |
 52.6   |                 .                .                 .    *           |
 52.7   |                 .                .                 .     *          |
 52.8   |                 .                .                 .      *         |
 52.9   |                 .                .                 .       *        |
 53.    |                 .                .                 .       *        |
 53.1   |                 .                .                 .        *       |
 53.2   |                 .                .                 .        *       |
 53.3   |                 .                .                 .         *      |
 53.4   |                 .                .                 .         *      |
 53.5   |                 .                .                 .         *      |
 53.6   |                 .                .                 .         *      |
 53.7   |                 .                .                 .        *       |
 53.8   |                 .                .                 .        *       |
 53.9   |                 .                .                 .       *        |
 54.    |                 .                .                 .       *        |
 54.1   |                 .                .                 .      *         |
 54.2   |                 .                .                 .     *          |
 54.3   |                 .                .                 .    *           |
 54.4   |                 .                .                 .   *            |
 54.5   |                 .                .                 .  *             |
 54.6   |                 .                .                 . *              |
 54.7   |                 .                .                 *                |
 54.8   |                 .                .                *.                |
 54.9   |                 .                .               * .                |
 55.    |                 .                .             *   .                |
 55.1   |                 .                .            *    .                |
 55.2   |                 .                .          *      .                |
 55.3   |                 .                .         *       .                |
 55.4   |                 .                .        *        .                |
 55.5   |                 .                .       *         .                |
 55.6   |                 .                .     *           .                |
 55.7   |                 .                .    *            .                |
 55.8   |                 .                .   *             .                |
 55.9   |                 .                .  *              .                |
 56.    |                 .                . *               .                |
 56.1   |                 .                . *               .                |
 56.2   |                 .                .*                .                |
 56.3   |                 .                .*                .                |
 56.4   |                 .                *                 .                |
 56.5   |                 .                *                 .                |
 56.6   |                 .                *                 .                |
 56.7   |                 .                *                 .                |
 56.8   |                 .                *                 .                |
 56.9   |                 .                .*                .                |
 57.    |                 .                .*                .                |
 57.1   |                 .                . *               .                |
 57.2   |                 .                . *               .                |
 57.3   |                 .                .  *              .                |
 57.4   |                 .                .   *             .                |
 57.5   |                 .                .    *            .                |
 57.6   |                 .                .     *           .                |
 57.7   |                 .                .       *         .                |
 57.8   |                 .                .        *        .                |
 57.9   |                 .                .         *       .                |
 58.    |                 .                .           *     .                |
 58.1   |                 .                .            *    .                |
 58.2   |                 .                .             *   .                |
 58.3   |                 .                .               * .                |
 58.4   |                 .                .                *.                |
 58.5   |                 .                .                 *                |
 58.6   |                 .                .                 . *              |
 58.7   |                 .                .                 .  *             |
 58.8   |                 .                .                 .   *            |
 58.9   |                 .                .                 .    *           |
 59.    |                 .                .                 .     *          |
 59.1   |                 .                .                 .      *         |
 59.2   |                 .                .                 .       *        |
 59.3   |                 .                .                 .        *       |
 59.4   |                 .                .                 .        *       |
 59.5   |                 .                .                 .        *       |
 59.6   |                 .                .                 .         *      |
 59.7   |                 .                .                 .         *      |
 59.8   |                 .                .                 .         *      |
 59.9   |                 .                .                 .         *      |
 60.    |                 .                .                 .        *       |
 60.1   |                 .                .                 .        *       |
 60.2   |                 .                .                 .       *        |
 60.3   |                 .                .                 .       *        |
 60.4   |                 .                .                 .      *         |
 60.5   |                 .                .                 .     *          |
 60.6   |                 .                .                 .    *           |
 60.7   |                 .                .                 .   *            |
 60.8   |                 .                .                 .  *             |
 60.9   |                 .                .                 . *              |
 61.    |                 .                .                 *                |
 61.1   |                 .                .                *.                |
 61.2   |                 .                .              *  .                |
 61.3   |                 .                .             *   .                |
 61.4   |                 .                .            *    .                |
 61.5   |                 .                .          *      .                |
 61.6   |                 .                .         *       .                |
 61.7   |                 .                .        *        .                |
 61.8   |                 .                .      *          .                |
 61.9   |                 .                .     *           .                |
 62.    |                 .                .    *            .                |
 62.1   |                 .                .   *             .                |
 62.2   |                 .                .  *              .                |
 62.3   |                 .                . *               .                |
 62.4   |                 .                . *               .                |
 62.5   |                 .                .*                .                |
 62.6   |                 .                .*                .                |
 62.7   |                 .                *                 .                |
 62.8   |                 .                *                 .                |
 62.9   |                 .                *                 .                |
 63.    |                 .                *                 .                |
 63.1   |                 .                *                 .                |
 63.2   |                 .                *                 .                |
 63.3   |                 .                *                 .                |
 63.4   |                 .                *                 .                |
 63.5   |                 .                *                 .                |
 63.6   |                 .                *                 .                |
 63.7   |                 .               *.                 .                |
 63.8   |                 .               *.                 .                |
 63.9   |                 .               *.                 .                |
 64.    |                 .               *.                 .                |
 64.1   |                 .               *.                 .                |
 64.2   |                 .               *.                 .                |
 64.3   |                 .               *.                 .                |
 64.4   |                 .               *.                 .                |
 64.5   |                 .               *.                 .                |
 64.6   |                 .               *.                 .                |
 64.7   |                 .               *.                 .                |
 64.8   |                 .               *.                 .                |
 64.9   |                 .               *.                 .                |
 65.    |                 .               *.                 .                |
 65.1   |                 .               *.                 .                |
 65.2   |                 .               *.                 .                |
 65.3   |                 .                *                 .                |
 65.4   |                 .                *                 .                |
 65.5   |                 .                *                 .                |
 65.6   |                 .                *                 .                |
 65.7   |                 .                *                 .                |
 65.8   |                 .                *                 .                |
 65.9   |                 .                *                 .                |
 66.    |                 .                *                 .                |
 66.1   |                 .                *                 .                |
 66.2   |                 .                *                 .                |
 66.3   |                 .                *                 .                |
 66.4   |                 .                *                 .                |
 66.5   |                 .                *                 .                |
 66.6   |                 .                *                 .                |
 66.7   |                 .                *                 .                |
 66.8   |                 .                .*                .                |
 66.9   |                 .                .*                .                |
 67.    |                 .                .*                .                |
 67.1   |                 .                .*                .                |
 67.2   |                 .                .*                .                |
 67.3   |                 .                .*                .                |
 67.4   |                 .                .*                .                |
 67.5   |                 .                .*                .                |
 67.6   |                 .                .*                .                |
 67.7   |                 .                .*                .                |
 67.8   |                 .                .*                .                |
 67.9   |                 .                .*                .                |
 68.    |                 .                .*                .                |
 68.1   |                 .                .*                .                |
 68.2   |                 .                .*                .                |
 68.3   |                 .                .*                .                |
 68.4   |                 .                *                 .                |
 68.5   |                 .                *                 .                |
 68.6   |                 .                *                 .                |
 68.7   |                 .                *                 .                |
 68.8   |                 .                *                 .                |
 68.9   |                 .                *                 .                |
 69.    |                 .                *                 .                |
 69.1   |                 .                *                 .                |
 69.2   |                 .                *                 .                |
 69.3   |                 .                *                 .                |
 69.4   |                 .                *                 .                |
 69.5   |                 .                *                 .                |
 69.6   |                 .                *                 .                |
 69.7   |                 .                *                 .                |
 69.8   |                 .                *                 .                |
 69.9   |                 .               *.                 .                |
 70.    |                 .               *.                 .                |
 70.1   |                 .               *.                 .                |
 70.2   |                 .               *.                 .                |
 70.3   |                 .               *.                 .                |
 70.4   |                 .               *.                 .                |
 70.5   |                 .               *.                 .                |
 70.6   |                 .               *.                 .                |
 70.7   |                 .               *.                 .                |
 70.8   |                 .               *.                 .                |
 70.9   |                 .               *.                 .                |
 71.    |                 .               *.                 .                |
 71.1   |                 .               *.                 .                |
 71.2   |                 .               *.                 .                |
 71.3   |                 .               *.                 .                |
 71.4   |                 .               *.                 .                |
 71.5   |                 .               *.                 .                |
 71.6   |                 .                *                 .                |
 71.7   |                 .                *                 .                |
 71.8   |                 .                *                 .                |
 71.9   |                 .                *                 .                |
 72.    |                 .                *                 .                |
 72.1   |                 .                *                 .                |
 72.2   |                 .                *                 .                |
 72.3   |                 .                *                 .                |
 72.4   |                 .                *                 .                |
 72.5   |                 .                *                 .                |
 72.6   |                 .                *                 .                |
 72.7   |                 .                *                 .                |
 72.8   |                 .                *                 .                |
 72.9   |                 .                *                 .                |
 73.    |                 .                *                 .                |
 73.1   |                 .                .*                .                |
 73.2   |                 .                .*                .                |
 73.3   |                 .                .*                .                |
 73.4   |                 .                .*                .                |
 73.5   |                 .                .*                .                |
 73.6   |                 .                .*                .                |
 73.7   |                 .                .*                .                |
 73.8   |                 .                .*                .                |
 73.9   |                 .                .*                .                |
 74.    |                 .                .*                .                |
 74.1   |                 .                .*                .                |
 74.2   |                 .                .*                .                |
 74.3   |                 .                .*                .                |
 74.4   |                 .                .*                .                |
 74.5   |                 .                .*                .                |
 74.6   |                 .                .*                .                |
 74.7   |                 .                *                 .                |
 74.8   |                 .                *                 .                |
 74.9   |                 .                *                 .                |
 75.    |                 .                *                 .                |
 75.1   |                 .                *                 .                |
 75.2   |                 .                *                 .                |
 75.3   |                 .                *                 .                |
 75.4   |                 .                *                 .                |
 75.5   |                 .                *                 .                |
 75.6   |                 .                *                 .                |
 75.7   |                 .                *                 .                |
 75.8   |                 .                *                 .                |
 75.9   |                 .                *                 .                |
 76.    |                 .                *                 .                |
 76.1   |                 .                *                 .                |
 76.2   |                 .               *.                 .                |
 76.3   |                 .               *.                 .                |
 76.4   |                 .               *.                 .                |
 76.5   |                 .               *.                 .                |
 76.6   |                 .               *.                 .                |
 76.7   |                 .               *.                 .                |
 76.8   |                 .               *.                 .                |
 76.9   |                 .               *.                 .                |
 77.    |                 .               *.                 .                |
 77.1   |                 .               *.                 .                |
 77.2   |                 .               *.                 .                |
 77.3   |                 .               *.                 .                |
 77.4   |                 .               *.                 .                |
 77.5   |                 .               *.                 .                |
 77.6   |                 .               *.                 .                |
 77.7   |                 .               *.                 .                |
 77.8   |                 .               *.                 .                |
 77.9   |                 .                *                 .                |
 78.    |                 .                *                 .                |
 78.1   |                 .                *                 .                |
 78.2   |                 .                *                 .                |
 78.3   |                 .                *                 .                |
 78.4   |                 .                *                 .                |
 78.5   |                 .                *                 .                |
 78.6   |                 .                *                 .                |
 78.7   |                 .                *                 .                |
 78.8   |                 .                *                 .                |
 78.9   |                 .                *                 .                |
 79.    |                 .                *                 .                |
 79.1   |                 .                *                 .                |
 79.2   |                 .                *                 .                |
 79.3   |                 .                *                 .                |
 79.4   |                 .                .*                .                |
 79.5   |                 .                .*                .                |
 79.6   |                 .                .*                .                |
 79.7   |                 .                .*                .                |
 79.8   |                 .                .*                .                |
 79.9   |                 .                .*                .                |
 80.    |                 .                .*                .                |
        +-----------------+----------------+-----------------+----------------+
Gnucap   System status
iterations: op=0, dc=0, tran=24~~, fourier=0, total=6~~~
transient timesteps: accepted=16~~, rejected=0, total=161~
nodes: user=1, subckt=0, model=0, total=1
dctran density=100.0%, ac density=100.0%
