NL 
#           v(I6.N1.nch1) v(I6.V1)   l(I6.N1.nch1)
 0.         0.         0.         1.22u     
open circuit: internal node 7
-1.         0.         2.5        1.22u     
-2.         0.         2.5        1.22u     
 0.         0.         2.5        1.22u     
 0.         0.         2.5        1.22u     
-1.         0.         2.5        1.22u     
 1.u        0.         2.5        1.22u     
