#           v(ndd)     v(nout)    i(Rhi)     i(Rlo)    
 0.         2.         1.         0.5        0.5       
*param     #@freq      rr(Rhi)    rr(Rlo)    gr(Rhi)    gr(Rlo)   
v(nout)    0.        -0.25       0.25       1.        -1.        
v(ndd)     0.         1.25u      1.25u     -5.u       -5.u       
