* ttr 0 10 
#TTime         ttime(0)      control(0)    V(V1)        
 0.            0.            100.          0.           
 1.            0.            100.          0.99999      
 2.            1.            100.          0.99999      
 3.4           2.4           100.          0.99999      
 5.36          4.36          100.          0.99999      
 8.104         7.104         100.          0.99999      
 10.           9.            1.5K          0.99999      
* ttr 20 
#TTime         ttime(0)      control(0)    V(V1)        
 11.           10.           100.          0.           
 12.           11.           100.          0.           
 13.4          12.4          100.          0.           
 15.36         14.36         100.          0.           
 18.104        17.104        100.          0.           
 20.           19.           1.5K          0.           
